[mourithemes.com/mouri/index.html]
[backblue.gif]
[fade.gif]
[index.html]
[mourithemes.com/mouri/favicon/apple-icon-57x57.png]
[mourithemes.com/mouri/favicon/apple-icon-60x60.png]
[mourithemes.com/mouri/favicon/apple-icon-72x72.png]
[mourithemes.com/mouri/favicon/apple-icon-76x76.png]
[mourithemes.com/mouri/favicon/apple-icon-114x114.png]
[mourithemes.com/mouri/favicon/apple-icon-120x120.png]
[mourithemes.com/mouri/favicon/apple-icon-144x144.png]
[mourithemes.com/mouri/favicon/apple-icon-152x152.png]
[mourithemes.com/mouri/favicon/apple-icon-180x180.png]
[mourithemes.com/mouri/favicon/android-icon-192x192.png]
[mourithemes.com/mouri/favicon/favicon-32x32.png]
[mourithemes.com/mouri/favicon/favicon-96x96.png]
[mourithemes.com/mouri/favicon/favicon-16x16.png]
[mourithemes.com/mouri/favicon/manifest.json]
[mourithemes.com/mouri/favicon/ms-icon-144x144.png]
[mourithemes.com/mouri/index-2.html]
[mourithemes.com/mouri/images/about/about.jpg]
[mourithemes.com/mouri/images/signature/signature.png]
[mourithemes.com/mouri/images/portfolio/1.jpg]
[mourithemes.com/mouri/images/portfolio/small/1.jpg]
[mourithemes.com/mouri/images/portfolio/2.jpg]
[mourithemes.com/mouri/images/portfolio/small/2.jpg]
[mourithemes.com/mouri/images/portfolio/3.jpg]
[mourithemes.com/mouri/images/portfolio/small/3.jpg]
[mourithemes.com/mouri/images/portfolio/4.jpg]
[mourithemes.com/mouri/images/portfolio/small/4.jpg]
[mourithemes.com/mouri/images/portfolio/5.jpg]
[mourithemes.com/mouri/images/portfolio/small/5.jpg]
[mourithemes.com/mouri/images/portfolio/6.jpg]
[mourithemes.com/mouri/images/portfolio/small/6.jpg]
[mourithemes.com/mouri/images/testimonial/testi1.jpg]
[mourithemes.com/mouri/images/testimonial/testi2.jpg]
[mourithemes.com/mouri/images/testimonial/testi3.jpg]
[mourithemes.com/mouri/js/jquery-3.2.1.min.js]
[mourithemes.com/mouri/js/bootstrap.min.js]
[mourithemes.com/mouri/js/jquery.magnific-popup.js]
[mourithemes.com/mouri/js/owl.carousel.js]
[mourithemes.com/mouri/js/jquery.mixitup.js]
[mourithemes.com/mouri/js/typed.js]
[mourithemes.com/mouri/js/particles.js]
[mourithemes.com/mouri/js/app.js]
[mourithemes.com/mouri/js/validator.js]
[mourithemes.com/mouri/js/contact.js]
[mourithemes.com/mouri/js/main.js]
[mourithemes.com/mouri/index.html]
[mourithemes.com/mouri/fonts/fontawesome-webfont3e6e.eot]
[mourithemes.com/mouri/fonts/fontawesome-webfontd41d.eot]
[mourithemes.com/mouri/fonts/fontawesome-webfont3e6e.woff2]
[mourithemes.com/mouri/fonts/fontawesome-webfont3e6e.woff]
[mourithemes.com/mouri/fonts/fontawesome-webfont3e6e.ttf]
[mourithemes.com/mouri/css/font-awesome.min.css]
[mourithemes.com/mouri/fonts/glyphicons-halflings-regular.eot]
[mourithemes.com/mouri/fonts/glyphicons-halflings-regulard41d.eot]
[mourithemes.com/mouri/fonts/glyphicons-halflings-regular.woff2]
[mourithemes.com/mouri/fonts/glyphicons-halflings-regular.woff]
[mourithemes.com/mouri/fonts/glyphicons-halflings-regular.ttf]
[mourithemes.com/mouri/css/bootstrap.min.css]
[mourithemes.com/mouri/css/magnific-popup.css]
[mourithemes.com/mouri/css/owl.carousel.css]
[mourithemes.com/mouri/css/owl.theme.default.css]
[mourithemes.com/mouri/css/normalize.css]
[mourithemes.com/mouri/images/home/banner3.jpg]
[mourithemes.com/mouri/css/style.css]
[mourithemes.com/mouri/css/responsive.css]
[mourithemes.com/mouri/index-2.html]
[mourithemes.com/mouri/fonts/fontawesome-webfont3e6e.svg]
[mourithemes.com/mouri/fonts/glyphicons-halflings-regular.svg]
[mourithemes.com/mouri/css/owl.video.play.html]
